------------------------------------------------------------
Timing Analyzer Summary
------------------------------------------------------------

Type  : Slow 1200mV 85C Model Setup 'clk'
Slack : -892.349
TNS   : -10706.427

Type  : Slow 1200mV 85C Model Setup 'adc2|adc_mega_0|ADC_CTRL|adc_pll|auto_generated|pll1|clk[0]'
Slack : -11.471
TNS   : -68.353

Type  : Slow 1200mV 85C Model Hold 'clk'
Slack : 0.252
TNS   : 0.000

Type  : Slow 1200mV 85C Model Hold 'adc2|adc_mega_0|ADC_CTRL|adc_pll|auto_generated|pll1|clk[0]'
Slack : 6.184
TNS   : 0.000

Type  : Slow 1200mV 85C Model Minimum Pulse Width 'clk'
Slack : 4.546
TNS   : 0.000

Type  : Slow 1200mV 85C Model Minimum Pulse Width 'adc2|adc_mega_0|ADC_CTRL|adc_pll|auto_generated|pll1|clk[0]'
Slack : 4.575
TNS   : 0.000

Type  : Slow 1200mV 0C Model Setup 'clk'
Slack : -884.235
TNS   : -10609.279

Type  : Slow 1200mV 0C Model Setup 'adc2|adc_mega_0|ADC_CTRL|adc_pll|auto_generated|pll1|clk[0]'
Slack : -10.065
TNS   : -59.864

Type  : Slow 1200mV 0C Model Hold 'clk'
Slack : 0.247
TNS   : 0.000

Type  : Slow 1200mV 0C Model Hold 'adc2|adc_mega_0|ADC_CTRL|adc_pll|auto_generated|pll1|clk[0]'
Slack : 4.910
TNS   : 0.000

Type  : Slow 1200mV 0C Model Minimum Pulse Width 'clk'
Slack : 4.571
TNS   : 0.000

Type  : Slow 1200mV 0C Model Minimum Pulse Width 'adc2|adc_mega_0|ADC_CTRL|adc_pll|auto_generated|pll1|clk[0]'
Slack : 4.631
TNS   : 0.000

Type  : Fast 1200mV 0C Model Setup 'clk'
Slack : -844.199
TNS   : -10129.571

Type  : Fast 1200mV 0C Model Setup 'adc2|adc_mega_0|ADC_CTRL|adc_pll|auto_generated|pll1|clk[0]'
Slack : -3.883
TNS   : -23.132

Type  : Fast 1200mV 0C Model Hold 'adc2|adc_mega_0|ADC_CTRL|adc_pll|auto_generated|pll1|clk[0]'
Slack : -0.010
TNS   : -0.017

Type  : Fast 1200mV 0C Model Hold 'clk'
Slack : 0.102
TNS   : 0.000

Type  : Fast 1200mV 0C Model Minimum Pulse Width 'clk'
Slack : 4.404
TNS   : 0.000

Type  : Fast 1200mV 0C Model Minimum Pulse Width 'adc2|adc_mega_0|ADC_CTRL|adc_pll|auto_generated|pll1|clk[0]'
Slack : 4.903
TNS   : 0.000

------------------------------------------------------------
